<?xml version="1.0" encoding="UTF-8"?>
<OmniDataTransform xmlns="http://soap.sforce.com/2006/04/metadata">
    <active>false</active>
    <assignmentRulesUsed>false</assignmentRulesUsed>
    <deletedOnSuccess>false</deletedOnSuccess>
    <errorIgnored>false</errorIgnored>
    <expectedOutputJson>{
  &quot;ProductName&quot; : &quot;Text&quot;,
  &quot;LoanAmount&quot; : &quot;Currency&quot;,
  &quot;LoanTerm&quot; : &quot;Integer&quot;,
  &quot;InterestRate&quot; : &quot;Double&quot;,
  &quot;EstimatedMonthlyPayment&quot; : &quot;Currency&quot;,
  &quot;Applicants&quot; : [ {
    &quot;FirstName&quot; : &quot;Text&quot;,
    &quot;LastName&quot; : &quot;Text&quot;,
    &quot;Index&quot; : &quot;Integer&quot;
  } ]
}</expectedOutputJson>
    <fieldLevelSecurityEnabled>false</fieldLevelSecurityEnabled>
    <inputType>JSON</inputType>
    <name>DigitalLendingContractDocDataExtractor</name>
    <nullInputsIncludedInOutput>false</nullInputsIncludedInOutput>
    <omniDataTransformItem>
        <disabled>false</disabled>
        <filterGroup>0.0</filterGroup>
        <formulaConverted>| &apos;DigitalLendingAddIndexInListUtil&apos; &apos;populateIndex&apos; var:Applicant FUNCTION</formulaConverted>
        <formulaExpression>FUNCTION(&apos;DigitalLendingAddIndexInListUtil&apos;, &apos;populateIndex&apos;, Applicant)</formulaExpression>
        <formulaResultPath>applicantsWithIndex</formulaResultPath>
        <formulaSequence>1.0</formulaSequence>
        <globalKey>DigitalLendingContractDocDataExtractorCustom207</globalKey>
        <inputObjectQuerySequence>0.0</inputObjectQuerySequence>
        <linkedObjectSequence>0.0</linkedObjectSequence>
        <name>DigitalLendingContractDocDataExtractor</name>
        <outputCreationSequence>0.0</outputCreationSequence>
        <outputFieldName>Formula</outputFieldName>
        <outputObjectName>Formula</outputObjectName>
        <requiredForUpsert>false</requiredForUpsert>
        <upsertKey>false</upsertKey>
    </omniDataTransformItem>
    <omniDataTransformItem>
        <disabled>false</disabled>
        <filterGroup>0.0</filterGroup>
        <filterOperator>=</filterOperator>
        <filterValue>&apos;true&apos;</filterValue>
        <globalKey>DigitalLendingContractDocDataExtractorCustom4782</globalKey>
        <inputFieldName>IsActive</inputFieldName>
        <inputObjectName>ApplicationFormProductProposal</inputObjectName>
        <inputObjectQuerySequence>3.0</inputObjectQuerySequence>
        <linkedObjectSequence>0.0</linkedObjectSequence>
        <name>DigitalLendingContractDocDataExtractor</name>
        <outputCreationSequence>0.0</outputCreationSequence>
        <outputFieldName>ApplicationFormProductProposal</outputFieldName>
        <outputObjectName>json</outputObjectName>
        <requiredForUpsert>false</requiredForUpsert>
        <upsertKey>false</upsertKey>
    </omniDataTransformItem>
    <omniDataTransformItem>
        <disabled>false</disabled>
        <filterGroup>0.0</filterGroup>
        <globalKey>DigitalLendingContractDocDataExtractorCustom9407</globalKey>
        <inputFieldName>applicantsWithIndex:Index</inputFieldName>
        <inputObjectQuerySequence>0.0</inputObjectQuerySequence>
        <linkedObjectSequence>0.0</linkedObjectSequence>
        <name>DigitalLendingContractDocDataExtractor</name>
        <outputCreationSequence>1.0</outputCreationSequence>
        <outputFieldFormat>Number(3)</outputFieldFormat>
        <outputFieldName>Applicants:Index</outputFieldName>
        <outputObjectName>json</outputObjectName>
        <requiredForUpsert>false</requiredForUpsert>
        <transformValuesMappings>{
  &quot;&quot; : &quot;&quot;
}</transformValuesMappings>
        <upsertKey>false</upsertKey>
    </omniDataTransformItem>
    <omniDataTransformItem>
        <disabled>false</disabled>
        <filterGroup>0.0</filterGroup>
        <globalKey>DigitalLendingContractDocDataExtractorCustom2365</globalKey>
        <inputFieldName>applicantsWithIndex:FirstName</inputFieldName>
        <inputObjectQuerySequence>0.0</inputObjectQuerySequence>
        <linkedObjectSequence>0.0</linkedObjectSequence>
        <name>DigitalLendingContractDocDataExtractor</name>
        <outputCreationSequence>1.0</outputCreationSequence>
        <outputFieldFormat>String</outputFieldFormat>
        <outputFieldName>Applicants:FirstName</outputFieldName>
        <outputObjectName>json</outputObjectName>
        <requiredForUpsert>false</requiredForUpsert>
        <upsertKey>false</upsertKey>
    </omniDataTransformItem>
    <omniDataTransformItem>
        <disabled>false</disabled>
        <filterGroup>0.0</filterGroup>
        <globalKey>DigitalLendingContractDocDataExtractorCustom5317</globalKey>
        <inputFieldName>applicantsWithIndex:LastName</inputFieldName>
        <inputObjectQuerySequence>0.0</inputObjectQuerySequence>
        <linkedObjectSequence>0.0</linkedObjectSequence>
        <name>DigitalLendingContractDocDataExtractor</name>
        <outputCreationSequence>1.0</outputCreationSequence>
        <outputFieldFormat>String</outputFieldFormat>
        <outputFieldName>Applicants:LastName</outputFieldName>
        <outputObjectName>json</outputObjectName>
        <requiredForUpsert>false</requiredForUpsert>
        <upsertKey>false</upsertKey>
    </omniDataTransformItem>
    <omniDataTransformItem>
        <disabled>false</disabled>
        <filterGroup>0.0</filterGroup>
        <globalKey>DigitalLendingContractDocDataExtractorCustom684</globalKey>
        <inputFieldName>Product:Name</inputFieldName>
        <inputObjectQuerySequence>0.0</inputObjectQuerySequence>
        <linkedObjectSequence>0.0</linkedObjectSequence>
        <name>DigitalLendingContractDocDataExtractor</name>
        <outputCreationSequence>1.0</outputCreationSequence>
        <outputFieldFormat>String</outputFieldFormat>
        <outputFieldName>ProductName</outputFieldName>
        <outputObjectName>json</outputObjectName>
        <requiredForUpsert>false</requiredForUpsert>
        <upsertKey>false</upsertKey>
    </omniDataTransformItem>
    <omniDataTransformItem>
        <disabled>false</disabled>
        <filterGroup>0.0</filterGroup>
        <globalKey>DigitalLendingContractDocDataExtractorCustom9229</globalKey>
        <inputFieldName>ApplicationFormProductProposal:Amount</inputFieldName>
        <inputObjectQuerySequence>0.0</inputObjectQuerySequence>
        <linkedObjectSequence>0.0</linkedObjectSequence>
        <name>DigitalLendingContractDocDataExtractor</name>
        <outputCreationSequence>1.0</outputCreationSequence>
        <outputFieldFormat>Currency</outputFieldFormat>
        <outputFieldName>LoanAmount</outputFieldName>
        <outputObjectName>json</outputObjectName>
        <requiredForUpsert>false</requiredForUpsert>
        <upsertKey>false</upsertKey>
    </omniDataTransformItem>
    <omniDataTransformItem>
        <disabled>false</disabled>
        <filterGroup>0.0</filterGroup>
        <globalKey>DigitalLendingContractDocDataExtractorCustom5960</globalKey>
        <inputFieldName>ApplicationFormProductProposal:MonthlyPayment</inputFieldName>
        <inputObjectQuerySequence>0.0</inputObjectQuerySequence>
        <linkedObjectSequence>0.0</linkedObjectSequence>
        <name>DigitalLendingContractDocDataExtractor</name>
        <outputCreationSequence>1.0</outputCreationSequence>
        <outputFieldFormat>Currency</outputFieldFormat>
        <outputFieldName>EstimatedMonthlyPayment</outputFieldName>
        <outputObjectName>json</outputObjectName>
        <requiredForUpsert>false</requiredForUpsert>
        <upsertKey>false</upsertKey>
    </omniDataTransformItem>
    <omniDataTransformItem>
        <disabled>false</disabled>
        <filterGroup>0.0</filterGroup>
        <filterOperator>=</filterOperator>
        <filterValue>&apos;Final&apos;</filterValue>
        <globalKey>DigitalLendingContractDocDataExtractorCustom7036</globalKey>
        <inputFieldName>Stage</inputFieldName>
        <inputObjectName>ApplicationFormProductProposal</inputObjectName>
        <inputObjectQuerySequence>3.0</inputObjectQuerySequence>
        <linkedObjectSequence>0.0</linkedObjectSequence>
        <name>DigitalLendingContractDocDataExtractor</name>
        <outputCreationSequence>0.0</outputCreationSequence>
        <outputFieldName>ApplicationFormProductProposal</outputFieldName>
        <outputObjectName>json</outputObjectName>
        <requiredForUpsert>false</requiredForUpsert>
        <upsertKey>false</upsertKey>
    </omniDataTransformItem>
    <omniDataTransformItem>
        <disabled>false</disabled>
        <filterGroup>0.0</filterGroup>
        <filterOperator>=</filterOperator>
        <filterValue>&apos;Applicant And Lender&apos;</filterValue>
        <globalKey>DigitalLendingContractDocDataExtractorCustom2448</globalKey>
        <inputFieldName>SelectedBy</inputFieldName>
        <inputObjectName>ApplicationFormProductProposal</inputObjectName>
        <inputObjectQuerySequence>3.0</inputObjectQuerySequence>
        <linkedObjectSequence>0.0</linkedObjectSequence>
        <name>DigitalLendingContractDocDataExtractor</name>
        <outputCreationSequence>0.0</outputCreationSequence>
        <outputFieldName>ApplicationFormProductProposal</outputFieldName>
        <outputObjectName>json</outputObjectName>
        <requiredForUpsert>false</requiredForUpsert>
        <upsertKey>false</upsertKey>
    </omniDataTransformItem>
    <omniDataTransformItem>
        <disabled>false</disabled>
        <filterGroup>0.0</filterGroup>
        <globalKey>DigitalLendingContractDocDataExtractorCustom3234</globalKey>
        <inputFieldName>ApplicationFormProductProposal:Term</inputFieldName>
        <inputObjectQuerySequence>0.0</inputObjectQuerySequence>
        <linkedObjectSequence>0.0</linkedObjectSequence>
        <name>DigitalLendingContractDocDataExtractor</name>
        <outputCreationSequence>1.0</outputCreationSequence>
        <outputFieldFormat>Integer</outputFieldFormat>
        <outputFieldName>LoanTerm</outputFieldName>
        <outputObjectName>json</outputObjectName>
        <requiredForUpsert>false</requiredForUpsert>
        <upsertKey>false</upsertKey>
    </omniDataTransformItem>
    <omniDataTransformItem>
        <disabled>false</disabled>
        <filterGroup>0.0</filterGroup>
        <filterOperator>=</filterOperator>
        <filterValue>Contract:SourceApplicationFormProduct__c</filterValue>
        <globalKey>DigitalLendingContractDocDataExtractorCustom3117</globalKey>
        <inputFieldName>ApplicationFormProductId</inputFieldName>
        <inputObjectName>ApplicationFormProductProposal</inputObjectName>
        <inputObjectQuerySequence>3.0</inputObjectQuerySequence>
        <linkedObjectSequence>0.0</linkedObjectSequence>
        <name>DigitalLendingContractDocDataExtractor</name>
        <outputCreationSequence>0.0</outputCreationSequence>
        <outputFieldName>ApplicationFormProductProposal</outputFieldName>
        <outputObjectName>json</outputObjectName>
        <requiredForUpsert>false</requiredForUpsert>
        <upsertKey>false</upsertKey>
    </omniDataTransformItem>
    <omniDataTransformItem>
        <disabled>false</disabled>
        <filterGroup>0.0</filterGroup>
        <globalKey>DigitalLendingContractDocDataExtractorCustom9225</globalKey>
        <inputFieldName>ApplicationFormProductProposal:InterestRate</inputFieldName>
        <inputObjectQuerySequence>0.0</inputObjectQuerySequence>
        <linkedObjectSequence>0.0</linkedObjectSequence>
        <name>DigitalLendingContractDocDataExtractor</name>
        <outputCreationSequence>1.0</outputCreationSequence>
        <outputFieldFormat>Double</outputFieldFormat>
        <outputFieldName>InterestRate</outputFieldName>
        <outputObjectName>json</outputObjectName>
        <requiredForUpsert>false</requiredForUpsert>
        <upsertKey>false</upsertKey>
    </omniDataTransformItem>
    <omniDataTransformItem>
        <disabled>false</disabled>
        <filterGroup>0.0</filterGroup>
        <filterOperator>=</filterOperator>
        <filterValue>ApplicationFormProduct:ProductId</filterValue>
        <globalKey>DigitalLendingContractDocDataExtractorCustom8902</globalKey>
        <inputFieldName>Id</inputFieldName>
        <inputObjectName>Product2</inputObjectName>
        <inputObjectQuerySequence>4.0</inputObjectQuerySequence>
        <linkedObjectSequence>0.0</linkedObjectSequence>
        <name>DigitalLendingContractDocDataExtractor</name>
        <outputCreationSequence>0.0</outputCreationSequence>
        <outputFieldName>Product</outputFieldName>
        <outputObjectName>json</outputObjectName>
        <requiredForUpsert>false</requiredForUpsert>
        <upsertKey>false</upsertKey>
    </omniDataTransformItem>
    <omniDataTransformItem>
        <disabled>false</disabled>
        <filterGroup>0.0</filterGroup>
        <filterOperator>=</filterOperator>
        <filterValue>Contract:SourceApplicationFormProduct__c</filterValue>
        <globalKey>DigitalLendingContractDocDataExtractorCustom2257</globalKey>
        <inputFieldName>Id</inputFieldName>
        <inputObjectName>ApplicationFormProduct</inputObjectName>
        <inputObjectQuerySequence>2.0</inputObjectQuerySequence>
        <linkedObjectSequence>0.0</linkedObjectSequence>
        <name>DigitalLendingContractDocDataExtractor</name>
        <outputCreationSequence>0.0</outputCreationSequence>
        <outputFieldName>ApplicationFormProduct</outputFieldName>
        <outputObjectName>json</outputObjectName>
        <requiredForUpsert>false</requiredForUpsert>
        <upsertKey>false</upsertKey>
    </omniDataTransformItem>
    <omniDataTransformItem>
        <disabled>false</disabled>
        <filterGroup>0.0</filterGroup>
        <filterOperator>=</filterOperator>
        <filterValue>ContractId</filterValue>
        <globalKey>DigitalLendingContractDocDataExtractorCustom5622</globalKey>
        <inputFieldName>Id</inputFieldName>
        <inputObjectName>Contract</inputObjectName>
        <inputObjectQuerySequence>1.0</inputObjectQuerySequence>
        <linkedObjectSequence>0.0</linkedObjectSequence>
        <name>DigitalLendingContractDocDataExtractor</name>
        <outputCreationSequence>0.0</outputCreationSequence>
        <outputFieldName>Contract</outputFieldName>
        <outputObjectName>json</outputObjectName>
        <requiredForUpsert>false</requiredForUpsert>
        <upsertKey>false</upsertKey>
    </omniDataTransformItem>
    <omniDataTransformItem>
        <disabled>false</disabled>
        <filterGroup>0.0</filterGroup>
        <filterOperator>=</filterOperator>
        <filterValue>ApplicationFormProduct:ApplicationFormId</filterValue>
        <globalKey>DigitalLendingContractDocDataExtractorCustom4697</globalKey>
        <inputFieldName>ApplicationFormId</inputFieldName>
        <inputObjectName>Applicant</inputObjectName>
        <inputObjectQuerySequence>5.0</inputObjectQuerySequence>
        <linkedObjectSequence>0.0</linkedObjectSequence>
        <name>DigitalLendingContractDocDataExtractor</name>
        <outputCreationSequence>0.0</outputCreationSequence>
        <outputFieldName>Applicant</outputFieldName>
        <outputObjectName>json</outputObjectName>
        <requiredForUpsert>false</requiredForUpsert>
        <upsertKey>false</upsertKey>
    </omniDataTransformItem>
    <outputType>JSON</outputType>
    <previewJsonData>{
  &quot;ContractId&quot; : &quot;800SG00000FDPO9YAP&quot;
}</previewJsonData>
    <processSuperBulk>false</processSuperBulk>
    <responseCacheTtlMinutes>0.0</responseCacheTtlMinutes>
    <rollbackOnError>false</rollbackOnError>
    <sourceObject>json</sourceObject>
    <sourceObjectDefault>false</sourceObjectDefault>
    <synchronousProcessThreshold>0.0</synchronousProcessThreshold>
    <type>Extract</type>
    <uniqueName>DigitalLendingContractDocDataExtractor_1</uniqueName>
    <versionNumber>1.0</versionNumber>
    <xmlDeclarationRemoved>false</xmlDeclarationRemoved>
</OmniDataTransform>
